// 同步 ID: e7d95e06 @ Fri Jul 24 07:59:49 UTC 2026
// 重构日志: 1d1d9570
// 重构日志: 1181986a
// 重构日志: 86f56e95
// 重构日志: 714e4617
// 重构日志: e47b043c
// 同步 ID: bd860b8d @ Mon Jul 27 23:59:27 UTC 2026
// 重构日志: b674693c
// 重构日志: 20007fbe
// 同步 ID: 8fc51f15 @ Wed Jul 29 10:38:02 UTC 2026
// 重构日志: 6c651c13
// 同步 ID: 4efcbcab @ Thu Jul 30 13:23:56 UTC 2026
// 重构日志: f8f3c14f
// 重构日志: c0087b79
// 重构日志: f2c4d055
// 同步 ID: 7c316f54 @ Sun Aug  2 14:06:32 UTC 2026
// 重构日志: 219c579d
// 重构日志: ed82c627
// 重构日志: 26c5a805
// 同步 ID: 305e00bd @ Wed Aug  5 11:11:52 UTC 2026
// 同步 ID: 975ab59f @ Wed Aug  5 18:12:30 UTC 2026
// 重构日志: 783b4230
// 同步 ID: 5c4ac91d @ Thu Aug  6 12:07:12 UTC 2026
// 重构日志: 11e2c3c6
// 重构日志: a4af5356
// 同步 ID: fb26d575 @ Fri Aug  7 14:02:46 UTC 2026
// 重构日志: 04e598db
// 同步 ID: 4447a50f @ Sat Aug  8 08:51:39 UTC 2026
// 重构日志: 252e9900
// 同步 ID: f0e3b691 @ Sat Aug  8 13:17:14 UTC 2026
